---
source: src/highlight/mod.rs
---
<pre id="5e845049255f423296fd6f20449be0bc" class="plain_text"><code class="plain_text">Hey there, lovely friend!\nI hope you have a great day!</code></pre>
